%!Adobe-FontList 1.22
%Locale:0x804

%BeginFont
Handler:DirectoryHandler
FontType:Invalid
OutlineFileName:E:\2020工作\机器人宣传网站\bingosoft\bingosoft\Font\demo.css
FileModTime:1607911185
%EndFont

%BeginFont
Handler:DirectoryHandler
FontType:Invalid
OutlineFileName:E:\2020工作\机器人宣传网站\bingosoft\bingosoft\Font\demo_index.html
FileModTime:1607911185
%EndFont

%BeginFont
Handler:DirectoryHandler
FontType:Invalid
OutlineFileName:E:\2020工作\机器人宣传网站\bingosoft\bingosoft\Font\iconfont.css
FileModTime:1607911185
%EndFont

%BeginFont
Handler:DirectoryHandler
FontType:Invalid
OutlineFileName:E:\2020工作\机器人宣传网站\bingosoft\bingosoft\Font\iconfont.eot
FileModTime:1607911185
%EndFont

%BeginFont
Handler:DirectoryHandler
FontType:Invalid
OutlineFileName:E:\2020工作\机器人宣传网站\bingosoft\bingosoft\Font\iconfont.js
FileModTime:1607911185
%EndFont

%BeginFont
Handler:DirectoryHandler
FontType:Invalid
OutlineFileName:E:\2020工作\机器人宣传网站\bingosoft\bingosoft\Font\iconfont.json
FileModTime:1607911185
%EndFont

%BeginFont
Handler:DirectoryHandler
FontType:Invalid
OutlineFileName:E:\2020工作\机器人宣传网站\bingosoft\bingosoft\Font\iconfont.svg
FileModTime:1607911185
%EndFont

%BeginFont
Handler:DirectoryHandler
FontType:TrueType
FontName:iconfont
FamilyName:iconfont
StyleName:Regular
FullName:iconfont
MenuName:iconfont
StyleBits:0
WritingScript:Roman
OutlineFileName:E:\2020工作\机器人宣传网站\bingosoft\bingosoft\Font\iconfont.ttf
DataFormat:sfntData
hasSVG:no
VariableFontType:NonVariableFont
FileLength:34472
FileModTime:1607911185
WeightClass:400
WidthClass:5
AngleClass:0
NameArray:0,Mac,4,iconfont
NameArray:0,Win,1,iconfont
%EndFont

%BeginFont
Handler:DirectoryHandler
FontType:Invalid
OutlineFileName:E:\2020工作\机器人宣传网站\bingosoft\bingosoft\Font\iconfont.woff
FileModTime:1607911185
%EndFont

%BeginFont
Handler:DirectoryHandler
FontType:Invalid
OutlineFileName:E:\2020工作\机器人宣传网站\bingosoft\bingosoft\Font\iconfont.woff2
FileModTime:1607911185
%EndFont

